System initiating...
Please Login to the System
Please choose the type of session. [standard|admin]
Please enter your name.
Welcome, John_Smith. Please enter a command.
Which account would you like to withdraw from?
What amount would you like to withdraw? [In Canadian dollars]
Dispensing money.
Goodbye, John_Smith.
System shutting down
