System initiating...
Please Login to the System
Please choose the type of session. [standard|admin]
Welcome, Admin. Please enter a command.
What is the name of the account holder?
How much money will the account have?
Error: Account money limit breached
Goodbye, Admin.
System shutting down
