System initiating...
Please Login to the System
Please choose the type of session. [standard|admin]
Please enter your name.
Welcome, John_Smith. Please enter a command.
Which account would you like to pay a bill for?
Error: Invalid Account.
Goodbye, John_Smith.
System shutting down
